******************************************************************************
                  TI ARM Linker PC v20.2.1                     
******************************************************************************
>> Linked Tue Dec  1 11:26:39 2020

OUTPUT FILE NAME:   <P2_pwm.out>
ENTRY POINT SYMBOL: "_c_int00_noargs"  address: 00002c69


MEMORY CONFIGURATION

         name            origin    length      used     unused   attr    fill
----------------------  --------  ---------  --------  --------  ----  --------
  FLASH                 00000000   00040000  00003330  0003ccd0  R  X
  SRAM                  20000000   00008000  00000480  00007b80  RW X


SEGMENT ALLOCATION MAP

run origin  load origin   length   init length attrs members
----------  ----------- ---------- ----------- ----- -------
00000000    00000000    00003330   00003330    r-x
  00000000    00000000    0000026c   0000026c    r-- .intvecs
  0000026c    0000026c    00002af8   00002af8    r-x .text
  00002d64    00002d64    0000058c   0000058c    r-- .const
  000032f0    000032f0    00000040   00000040    r-- .cinit
20000000    20000000    00000480   00000000    rw-
  20000000    20000000    0000026c   00000000    rw- .vtable
  2000026c    2000026c    00000004   00000000    rw- .bss
  20000270    20000270    00000200   00000000    rw- .stack
  20000470    20000470    00000010   00000000    rw- .data


SECTION ALLOCATION MAP

 output                                  attributes/
section   page    origin      length       input sections
--------  ----  ----------  ----------   ----------------
.intvecs   0    00000000    0000026c     
                  00000000    0000026c     tm4c123gh6pm_startup_ccs.obj (.intvecs)

.text      0    0000026c    00002af8     
                  0000026c    000024b4     main.obj (.text)
                  00002720    000001b6     rtsv7M4_T_le_v4SPD16_eabi.lib : fd_add_t2.asm.obj (.text)
                  000028d6    000000fc                                   : fd_mul_t2.asm.obj (.text)
                  000029d2    0000009c                                   : memcpy_t2.asm.obj (.text)
                  00002a6e    00000002     driverlib.lib : interrupt.obj (.text:_IntDefaultHandler)
                  00002a70    00000068                   : interrupt.obj (.text:IntDisable)
                  00002ad8    00000068                   : interrupt.obj (.text:IntEnable)
                  00002b40    00000068     rtsv7M4_T_le_v4SPD16_eabi.lib : copy_decompress_lzss.c.obj (.text:decompress:lzss:__TI_decompress_lzss)
                  00002ba8    00000048                                   : fd_toi_t2.asm.obj (.text)
                  00002bf0    00000044                                   : autoinit.c.obj (.text:__TI_auto_init_nobinit_nopinit:__TI_auto_init_nobinit_nopinit)
                  00002c34    00000034     driverlib.lib : interrupt.obj (.text:IntRegister)
                  00002c68    00000034     rtsv7M4_T_le_v4SPD16_eabi.lib : boot_cortex_m.c.obj (.text:_c_int00_noargs:_c_int00_noargs)
                  00002c9c    0000002e                                   : i_tofd_t2.asm.obj (.text)
                  00002cca    00000020                                   : u_tofd_t2.asm.obj (.text)
                  00002cea    0000001c                                   : copy_zero_init.c.obj (.text:decompress:ZI:__TI_zero_init_nomemset:__TI_zero_init_nomemset)
                  00002d06    00000002     --HOLE-- [fill = 0]
                  00002d08    00000014     driverlib.lib : interrupt.obj (.text:IntUnregister)
                  00002d1c    00000010                   : interrupt.obj (.text:IntMasterEnable)
                  00002d2c    0000000e     rtsv7M4_T_le_v4SPD16_eabi.lib : copy_decompress_none.c.obj (.text:decompress:none:__TI_decompress_none)
                  00002d3a    0000000c     driverlib.lib : cpu.obj (.text:CPUcpsie)
                  00002d46    0000000c     tm4c123gh6pm_startup_ccs.obj (.text)
                  00002d52    00000006     main.obj (.text:SysCtlDelay)
                  00002d58    00000004     driverlib.lib : cpu.obj (.text:CPUwfi)
                  00002d5c    00000004     rtsv7M4_T_le_v4SPD16_eabi.lib : pre_init.c.obj (.text:_system_pre_init)
                  00002d60    00000004                                   : exit.c.obj (.text:abort:abort)

.const     0    00002d64    0000058c     
                  00002d64    000001b0     main.obj (.const:g_pppui32XTALtoVCO)
                  00002f14    000000d8     main.obj (.const:g_ppui32GPIOIntMapSnowflake)
                  00002fec    000000c0     main.obj (.const:g_ppui32GPIOIntMapBlizzard)
                  000030ac    00000090     main.obj (.const:g_pui32GPIOBaseAddrs)
                  0000313c    00000070     driverlib.lib : interrupt.obj (.const)
                  000031ac    0000006c     main.obj (.const:g_pui32Xtals)
                  00003218    00000060     main.obj (.const:g_ppui32TimerIntMap)
                  00003278    00000040     main.obj (.const:g_ppui32TimerIntMapSnowflake)
                  000032b8    00000030     main.obj (.const:g_sXTALtoMEMTIM)
                  000032e8    00000008     main.obj (.const:g_pui32VCOFrequencies)

.cinit     0    000032f0    00000040     
                  000032f0    0000000c     (__TI_handler_table)
                  000032fc    00000004     --HOLE-- [fill = 0]
                  00003300    00000008     (.cinit..bss.load) [load image, compression = zero_init]
                  00003308    00000008     (.cinit..vtable.load) [load image, compression = zero_init]
                  00003310    00000007     (.cinit..data.load) [load image, compression = lzss]
                  00003317    00000001     --HOLE-- [fill = 0]
                  00003318    00000018     (__TI_cinit_table)

.init_array 
*          0    00000000    00000000     UNINITIALIZED

.vtable    0    20000000    0000026c     UNINITIALIZED
                  20000000    0000026c     driverlib.lib : interrupt.obj (.vtable)

.bss       0    2000026c    00000004     UNINITIALIZED
                  2000026c    00000004     (.common:dutyCycle)

.data      0    20000470    00000010     UNINITIALIZED
                  20000470    00000010     main.obj (.data)

.stack     0    20000270    00000200     UNINITIALIZED
                  20000270    00000004     rtsv7M4_T_le_v4SPD16_eabi.lib : boot_cortex_m.c.obj (.stack)
                  20000274    000001fc     --HOLE--

__llvm_prf_cnts 
*          0    20000000    00000000     UNINITIALIZED

MODULE SUMMARY

       Module                         code    ro data   rw data
       ------                         ----    -------   -------
    .\
       main.obj                       9402    1308      20     
       tm4c123gh6pm_startup_ccs.obj   12      620       0      
    +--+------------------------------+-------+---------+---------+
       Total:                         9414    1928      20     
                                                               
    C:/ti/ccs1011/TivaWare_C_Series-2.1.4.178/driverlib/ccs/Debug/driverlib.lib
       interrupt.obj                  298     112       620    
       cpu.obj                        16      0         0      
    +--+------------------------------+-------+---------+---------+
       Total:                         314     112       620    
                                                               
    C:\ti\ccs1011\ccs\tools\compiler\ti-cgt-arm_20.2.1.LTS\lib\rtsv7M4_T_le_v4SPD16_eabi.lib
       fd_add_t2.asm.obj              438     0         0      
       fd_mul_t2.asm.obj              252     0         0      
       memcpy_t2.asm.obj              156     0         0      
       copy_decompress_lzss.c.obj     104     0         0      
       fd_toi_t2.asm.obj              72      0         0      
       autoinit.c.obj                 68      0         0      
       boot_cortex_m.c.obj            52      0         0      
       i_tofd_t2.asm.obj              46      0         0      
       u_tofd_t2.asm.obj              32      0         0      
       copy_zero_init.c.obj           28      0         0      
       copy_decompress_none.c.obj     14      0         0      
       exit.c.obj                     4       0         0      
       pre_init.c.obj                 4       0         0      
    +--+------------------------------+-------+---------+---------+
       Total:                         1270    0         0      
                                                               
       Stack:                         0       0         512    
       Linker Generated:              0       59        0      
    +--+------------------------------+-------+---------+---------+
       Grand Total:                   10998   2099      1152   


LINKER GENERATED COPY TABLES

__TI_cinit_table @ 00003318 records: 3, size/record: 8, table size: 24
	.bss: load addr=00003300, load size=00000008 bytes, run addr=2000026c, run size=00000004 bytes, compression=zero_init
	.vtable: load addr=00003308, load size=00000008 bytes, run addr=20000000, run size=0000026c bytes, compression=zero_init
	.data: load addr=00003310, load size=00000007 bytes, run addr=20000470, run size=00000010 bytes, compression=lzss


LINKER GENERATED HANDLER TABLE

__TI_handler_table @ 000032f0 records: 3, size/record: 4, table size: 12
	index: 0, handler: __TI_zero_init
	index: 1, handler: __TI_decompress_lzss
	index: 2, handler: __TI_decompress_none


GLOBAL SYMBOLS: SORTED ALPHABETICALLY BY Name 

address   name                            
-------   ----                            
00002d61  C$$EXIT                         
00002d3b  CPUcpsie                        
00002d59  CPUwfi                          
000023a1  GPIOADCTriggerDisable           
00002383  GPIOADCTriggerEnable            
00002365  GPIODMATriggerDisable           
00002347  GPIODMATriggerEnable            
000018f1  GPIODirModeGet                  
00001895  GPIODirModeSet                  
00001e57  GPIOIntClear                    
00001e1b  GPIOIntDisable                  
00001e01  GPIOIntEnable                   
00001e6b  GPIOIntRegister                 
00001ea3  GPIOIntRegisterPin              
00001e35  GPIOIntStatus                   
000019e1  GPIOIntTypeGet                  
0000193d  GPIOIntTypeSet                  
00001e89  GPIOIntUnregister               
00001ed1  GPIOIntUnregisterPin            
00001caf  GPIOPadConfigGet                
00001a75  GPIOPadConfigSet                
000022e9  GPIOPinConfigure                
00001ef5  GPIOPinRead                     
00001f2d  GPIOPinTypeADC                  
00001f51  GPIOPinTypeCAN                  
00001f75  GPIOPinTypeComparator           
00001f99  GPIOPinTypeComparatorOutput     
00001fbd  GPIOPinTypeDIVSCLK              
00001fe1  GPIOPinTypeEPI                  
00002005  GPIOPinTypeEthernetLED          
00002029  GPIOPinTypeEthernetMII          
0000204d  GPIOPinTypeGPIOInput            
00002071  GPIOPinTypeGPIOOutput           
00002095  GPIOPinTypeGPIOOutputOD         
000020b9  GPIOPinTypeHibernateRTCCLK      
000020dd  GPIOPinTypeI2C                  
00002101  GPIOPinTypeI2CSCL               
00002125  GPIOPinTypeLCD                  
00002149  GPIOPinTypeOneWire              
0000216d  GPIOPinTypePWM                  
00002191  GPIOPinTypeQEI                  
000021b5  GPIOPinTypeSSI                  
000021d9  GPIOPinTypeTimer                
000021fd  GPIOPinTypeTrace                
00002221  GPIOPinTypeUART                 
00002245  GPIOPinTypeUSBAnalog            
00002269  GPIOPinTypeUSBDigital           
0000228d  GPIOPinTypeWakeHigh             
000022b3  GPIOPinTypeWakeLow              
000022d9  GPIOPinWakeStatus               
00001f0d  GPIOPinWrite                    
00002a71  IntDisable                      
00002ad9  IntEnable                       
00002d1d  IntMasterEnable                 
000023db  IntPortalF                      
00002c35  IntRegister                     
00002d09  IntUnregister                   
00002d47  ResetISR                        
000011a9  SysCtlAltClkConfig              
000008d1  SysCtlClockFreqSet              
00000d99  SysCtlClockGet                  
0000118d  SysCtlClockOutConfig            
00000bc9  SysCtlClockSet                  
000007d5  SysCtlDeepSleep                 
00000f5d  SysCtlDeepSleepClockConfigSet   
00000f3f  SysCtlDeepSleepClockSet         
000007b5  SysCtlDeepSleepPowerSet         
00002d53  SysCtlDelay                     
00000363  SysCtlFlashSectorSizeGet        
00000337  SysCtlFlashSizeGet              
00001033  SysCtlGPIOAHBDisable            
00001017  SysCtlGPIOAHBEnable             
00000749  SysCtlIntClear                  
00000731  SysCtlIntDisable                
0000071d  SysCtlIntEnable                 
000006f5  SysCtlIntRegister               
00000759  SysCtlIntStatus                 
0000070d  SysCtlIntUnregister             
0000079b  SysCtlLDODeepSleepGet           
0000078b  SysCtlLDODeepSleepSet           
00000785  SysCtlLDOSleepGet               
00000775  SysCtlLDOSleepSet               
0000080b  SysCtlMOSCConfigSet             
00001171  SysCtlNMIClear                  
0000115d  SysCtlNMIStatus                 
00000821  SysCtlPIOSCCalibrate            
00001001  SysCtlPWMClockGet               
00000fe7  SysCtlPWMClockSet               
000006a1  SysCtlPeripheralClockGating     
00000659  SysCtlPeripheralDeepSleepDisable
00000609  SysCtlPeripheralDeepSleepEnable 
00000545  SysCtlPeripheralDisable         
00000509  SysCtlPeripheralEnable          
00000445  SysCtlPeripheralPowerOff        
00000409  SysCtlPeripheralPowerOn         
00000389  SysCtlPeripheralPresent         
000003c9  SysCtlPeripheralReady           
00000481  SysCtlPeripheralReset           
000005cd  SysCtlPeripheralSleepDisable    
00000589  SysCtlPeripheralSleepEnable     
000007c5  SysCtlReset                     
00000881  SysCtlResetBehaviorGet          
00000871  SysCtlResetBehaviorSet          
000007f7  SysCtlResetCauseClear           
000007f1  SysCtlResetCauseGet             
0000032d  SysCtlSRAMSizeGet               
000007cd  SysCtlSleep                     
000007a1  SysCtlSleepPowerSet             
0000105b  SysCtlUSBPLLDisable             
0000104f  SysCtlUSBPLLEnable              
000010a1  SysCtlVCOGet                    
00001089  SysCtlVoltageEventClear         
0000106d  SysCtlVoltageEventConfig        
0000107d  SysCtlVoltageEventStatus        
000023bf  Timer2IntHandler                
000017b5  TimerADCEventGet                
000017a3  TimerADCEventSet                
000014cf  TimerClockSourceGet             
000014bb  TimerClockSourceSet             
0000127d  TimerConfigure                  
000013b5  TimerControlEvent               
000012fd  TimerControlLevel               
000013df  TimerControlStall               
00001341  TimerControlTrigger             
00001421  TimerControlWaitOnTrigger       
000017d5  TimerDMAEventGet                
000017c3  TimerDMAEventSet                
0000125b  TimerDisable                    
0000123d  TimerEnable                     
0000177f  TimerIntClear                   
00001749  TimerIntDisable                 
00001731  TimerIntEnable                  
000016eb  TimerIntRegister                
00001761  TimerIntStatus                  
00001713  TimerIntUnregister              
000015a3  TimerLoadGet                    
000015d9  TimerLoadGet64                  
00001579  TimerLoadSet                    
000015bf  TimerLoadSet64                  
00001683  TimerMatchGet                   
000016b9  TimerMatchGet64                 
00001659  TimerMatchSet                   
0000169f  TimerMatchSet64                 
00001509  TimerPrescaleGet                
0000155d  TimerPrescaleMatchGet           
00001525  TimerPrescaleMatchSet           
000014df  TimerPrescaleSet                
000014a5  TimerRTCDisable                 
00001485  TimerRTCEnable                  
00001791  TimerSynchronize                
000017e3  TimerUpdateMode                 
0000160b  TimerValueGet                   
00001627  TimerValueGet64                 
20000470  __STACK_END                     
00000200  __STACK_SIZE                    
20000470  __STACK_TOP                     
00003318  __TI_CINIT_Base                 
00003330  __TI_CINIT_Limit                
000032f0  __TI_Handler_Table_Base         
000032fc  __TI_Handler_Table_Limit        
00002bf1  __TI_auto_init_nobinit_nopinit  
00002b41  __TI_decompress_lzss            
00002d2d  __TI_decompress_none            
ffffffff  __TI_pprof_out_hndl             
ffffffff  __TI_prof_data_size             
ffffffff  __TI_prof_data_start            
00000000  __TI_static_base__              
00002ceb  __TI_zero_init_nomemset         
00002ba9  __aeabi_d2iz                    
0000272b  __aeabi_dadd                    
000028d7  __aeabi_dmul                    
00002721  __aeabi_dsub                    
00002c9d  __aeabi_i2d                     
000029d3  __aeabi_memcpy                  
000029d3  __aeabi_memcpy4                 
000029d3  __aeabi_memcpy8                 
00002ccb  __aeabi_ui2d                    
ffffffff  __binit__                       
ffffffff  __c_args__                      
UNDEFED   __mpu_init                      
20000270  __stack                         
20000000  __start___llvm_prf_cnts         
20000000  __stop___llvm_prf_cnts          
00002c69  _c_int00_noargs                 
UNDEFED   _system_post_cinit              
00002d5d  _system_pre_init                
00002d61  abort                           
ffffffff  binit                           
2000026c  dutyCycle                       
20000470  estado                          
20000000  g_pfnRAMVectors                 
00000000  g_pfnVectors                    
20000474  i                               
20000478  j                               
2000047c  k                               
0000250d  main                            
000029d3  memcpy                          


GLOBAL SYMBOLS: SORTED BY Symbol Address 

address   name                            
-------   ----                            
00000000  __TI_static_base__              
00000000  g_pfnVectors                    
00000200  __STACK_SIZE                    
0000032d  SysCtlSRAMSizeGet               
00000337  SysCtlFlashSizeGet              
00000363  SysCtlFlashSectorSizeGet        
00000389  SysCtlPeripheralPresent         
000003c9  SysCtlPeripheralReady           
00000409  SysCtlPeripheralPowerOn         
00000445  SysCtlPeripheralPowerOff        
00000481  SysCtlPeripheralReset           
00000509  SysCtlPeripheralEnable          
00000545  SysCtlPeripheralDisable         
00000589  SysCtlPeripheralSleepEnable     
000005cd  SysCtlPeripheralSleepDisable    
00000609  SysCtlPeripheralDeepSleepEnable 
00000659  SysCtlPeripheralDeepSleepDisable
000006a1  SysCtlPeripheralClockGating     
000006f5  SysCtlIntRegister               
0000070d  SysCtlIntUnregister             
0000071d  SysCtlIntEnable                 
00000731  SysCtlIntDisable                
00000749  SysCtlIntClear                  
00000759  SysCtlIntStatus                 
00000775  SysCtlLDOSleepSet               
00000785  SysCtlLDOSleepGet               
0000078b  SysCtlLDODeepSleepSet           
0000079b  SysCtlLDODeepSleepGet           
000007a1  SysCtlSleepPowerSet             
000007b5  SysCtlDeepSleepPowerSet         
000007c5  SysCtlReset                     
000007cd  SysCtlSleep                     
000007d5  SysCtlDeepSleep                 
000007f1  SysCtlResetCauseGet             
000007f7  SysCtlResetCauseClear           
0000080b  SysCtlMOSCConfigSet             
00000821  SysCtlPIOSCCalibrate            
00000871  SysCtlResetBehaviorSet          
00000881  SysCtlResetBehaviorGet          
000008d1  SysCtlClockFreqSet              
00000bc9  SysCtlClockSet                  
00000d99  SysCtlClockGet                  
00000f3f  SysCtlDeepSleepClockSet         
00000f5d  SysCtlDeepSleepClockConfigSet   
00000fe7  SysCtlPWMClockSet               
00001001  SysCtlPWMClockGet               
00001017  SysCtlGPIOAHBEnable             
00001033  SysCtlGPIOAHBDisable            
0000104f  SysCtlUSBPLLEnable              
0000105b  SysCtlUSBPLLDisable             
0000106d  SysCtlVoltageEventConfig        
0000107d  SysCtlVoltageEventStatus        
00001089  SysCtlVoltageEventClear         
000010a1  SysCtlVCOGet                    
0000115d  SysCtlNMIStatus                 
00001171  SysCtlNMIClear                  
0000118d  SysCtlClockOutConfig            
000011a9  SysCtlAltClkConfig              
0000123d  TimerEnable                     
0000125b  TimerDisable                    
0000127d  TimerConfigure                  
000012fd  TimerControlLevel               
00001341  TimerControlTrigger             
000013b5  TimerControlEvent               
000013df  TimerControlStall               
00001421  TimerControlWaitOnTrigger       
00001485  TimerRTCEnable                  
000014a5  TimerRTCDisable                 
000014bb  TimerClockSourceSet             
000014cf  TimerClockSourceGet             
000014df  TimerPrescaleSet                
00001509  TimerPrescaleGet                
00001525  TimerPrescaleMatchSet           
0000155d  TimerPrescaleMatchGet           
00001579  TimerLoadSet                    
000015a3  TimerLoadGet                    
000015bf  TimerLoadSet64                  
000015d9  TimerLoadGet64                  
0000160b  TimerValueGet                   
00001627  TimerValueGet64                 
00001659  TimerMatchSet                   
00001683  TimerMatchGet                   
0000169f  TimerMatchSet64                 
000016b9  TimerMatchGet64                 
000016eb  TimerIntRegister                
00001713  TimerIntUnregister              
00001731  TimerIntEnable                  
00001749  TimerIntDisable                 
00001761  TimerIntStatus                  
0000177f  TimerIntClear                   
00001791  TimerSynchronize                
000017a3  TimerADCEventSet                
000017b5  TimerADCEventGet                
000017c3  TimerDMAEventSet                
000017d5  TimerDMAEventGet                
000017e3  TimerUpdateMode                 
00001895  GPIODirModeSet                  
000018f1  GPIODirModeGet                  
0000193d  GPIOIntTypeSet                  
000019e1  GPIOIntTypeGet                  
00001a75  GPIOPadConfigSet                
00001caf  GPIOPadConfigGet                
00001e01  GPIOIntEnable                   
00001e1b  GPIOIntDisable                  
00001e35  GPIOIntStatus                   
00001e57  GPIOIntClear                    
00001e6b  GPIOIntRegister                 
00001e89  GPIOIntUnregister               
00001ea3  GPIOIntRegisterPin              
00001ed1  GPIOIntUnregisterPin            
00001ef5  GPIOPinRead                     
00001f0d  GPIOPinWrite                    
00001f2d  GPIOPinTypeADC                  
00001f51  GPIOPinTypeCAN                  
00001f75  GPIOPinTypeComparator           
00001f99  GPIOPinTypeComparatorOutput     
00001fbd  GPIOPinTypeDIVSCLK              
00001fe1  GPIOPinTypeEPI                  
00002005  GPIOPinTypeEthernetLED          
00002029  GPIOPinTypeEthernetMII          
0000204d  GPIOPinTypeGPIOInput            
00002071  GPIOPinTypeGPIOOutput           
00002095  GPIOPinTypeGPIOOutputOD         
000020b9  GPIOPinTypeHibernateRTCCLK      
000020dd  GPIOPinTypeI2C                  
00002101  GPIOPinTypeI2CSCL               
00002125  GPIOPinTypeLCD                  
00002149  GPIOPinTypeOneWire              
0000216d  GPIOPinTypePWM                  
00002191  GPIOPinTypeQEI                  
000021b5  GPIOPinTypeSSI                  
000021d9  GPIOPinTypeTimer                
000021fd  GPIOPinTypeTrace                
00002221  GPIOPinTypeUART                 
00002245  GPIOPinTypeUSBAnalog            
00002269  GPIOPinTypeUSBDigital           
0000228d  GPIOPinTypeWakeHigh             
000022b3  GPIOPinTypeWakeLow              
000022d9  GPIOPinWakeStatus               
000022e9  GPIOPinConfigure                
00002347  GPIODMATriggerEnable            
00002365  GPIODMATriggerDisable           
00002383  GPIOADCTriggerEnable            
000023a1  GPIOADCTriggerDisable           
000023bf  Timer2IntHandler                
000023db  IntPortalF                      
0000250d  main                            
00002721  __aeabi_dsub                    
0000272b  __aeabi_dadd                    
000028d7  __aeabi_dmul                    
000029d3  __aeabi_memcpy                  
000029d3  __aeabi_memcpy4                 
000029d3  __aeabi_memcpy8                 
000029d3  memcpy                          
00002a71  IntDisable                      
00002ad9  IntEnable                       
00002b41  __TI_decompress_lzss            
00002ba9  __aeabi_d2iz                    
00002bf1  __TI_auto_init_nobinit_nopinit  
00002c35  IntRegister                     
00002c69  _c_int00_noargs                 
00002c9d  __aeabi_i2d                     
00002ccb  __aeabi_ui2d                    
00002ceb  __TI_zero_init_nomemset         
00002d09  IntUnregister                   
00002d1d  IntMasterEnable                 
00002d2d  __TI_decompress_none            
00002d3b  CPUcpsie                        
00002d47  ResetISR                        
00002d53  SysCtlDelay                     
00002d59  CPUwfi                          
00002d5d  _system_pre_init                
00002d61  C$$EXIT                         
00002d61  abort                           
000032f0  __TI_Handler_Table_Base         
000032fc  __TI_Handler_Table_Limit        
00003318  __TI_CINIT_Base                 
00003330  __TI_CINIT_Limit                
20000000  __start___llvm_prf_cnts         
20000000  __stop___llvm_prf_cnts          
20000000  g_pfnRAMVectors                 
2000026c  dutyCycle                       
20000270  __stack                         
20000470  __STACK_END                     
20000470  __STACK_TOP                     
20000470  estado                          
20000474  i                               
20000478  j                               
2000047c  k                               
ffffffff  __TI_pprof_out_hndl             
ffffffff  __TI_prof_data_size             
ffffffff  __TI_prof_data_start            
ffffffff  __binit__                       
ffffffff  __c_args__                      
ffffffff  binit                           
UNDEFED   __mpu_init                      
UNDEFED   _system_post_cinit              

[197 symbols]
